[    0.000000] Initializing cgroup subsys cpuset
[    0.000000] Initializing cgroup subsys cpu
[    0.000000] Initializing cgroup subsys cpuacct
[    0.000000] Linux version 4.4.0-210-generic (buildd@lgw01-amd64-009) (gcc version 5.4.0 20160609 (Ubuntu 5.4.0-6ubuntu1~16.04.12) ) #242-Ubuntu SMP Fri Apr 16 09:57:56 UTC 2021 (Ubuntu 4.4.0-210.242-generic 4.4.262)
[    0.000000] Command line: BOOT_IMAGE=/boot/vmlinuz-4.4.0-210-generic root=LABEL=cloudimg-rootfs ro console=tty1 console=ttyS0
[    0.000000] KERNEL supported cpus:
[    0.000000]   Intel GenuineIntel
[    0.000000]   AMD AuthenticAMD
[    0.000000]   Centaur CentaurHauls
[    0.000000] x86/fpu: xstate_offset[2]:  576, xstate_sizes[2]:  256
[    0.000000] x86/fpu: Supporting XSAVE feature 0x01: 'x87 floating point registers'
[    0.000000] x86/fpu: Supporting XSAVE feature 0x02: 'SSE registers'
[    0.000000] x86/fpu: Supporting XSAVE feature 0x04: 'AVX registers'
[    0.000000] x86/fpu: Enabled xstate features 0x7, context size is 832 bytes, using 'standard' format.
[    0.000000] e820: BIOS-provided physical RAM map:
[    0.000000] BIOS-e820: [mem 0x0000000000000000-0x000000000009fbff] usable
[    0.000000] BIOS-e820: [mem 0x000000000009fc00-0x000000000009ffff] reserved
[    0.000000] BIOS-e820: [mem 0x00000000000f0000-0x00000000000fffff] reserved
[    0.000000] BIOS-e820: [mem 0x0000000000100000-0x000000003ffeffff] usable
[    0.000000] BIOS-e820: [mem 0x000000003fff0000-0x000000003fffffff] ACPI data
[    0.000000] BIOS-e820: [mem 0x00000000fec00000-0x00000000fec00fff] reserved
[    0.000000] BIOS-e820: [mem 0x00000000fee00000-0x00000000fee00fff] reserved
[    0.000000] BIOS-e820: [mem 0x00000000fffc0000-0x00000000ffffffff] reserved
[    0.000000] NX (Execute Disable) protection: active
[    0.000000] SMBIOS 2.5 present.
[    0.000000] Hypervisor detected: KVM
[    0.000000] e820: last_pfn = 0x3fff0 max_arch_pfn = 0x400000000
[    0.000000] MTRR: Disabled
[    0.000000] x86/PAT: MTRRs disabled, skipping PAT initialization too.
[    0.000000] CPU MTRRs all blank - virtualized system.
[    0.000000] x86/PAT: Configuration [0-7]: WB  WT  UC- UC  WB  WT  UC- UC  
[    0.000000] found SMP MP-table at [mem 0x0009fff0-0x0009ffff] mapped at [ffff88000009fff0]
[    0.000000] Scanning 1 areas for low memory corruption
[    0.000000] RAMDISK: [mem 0x362dc000-0x37165fff]
[    0.000000] ACPI: Early table checksum verification disabled
[    0.000000] ACPI: RSDP 0x00000000000E0000 000024 (v02 VBOX  )
[    0.000000] ACPI: XSDT 0x000000003FFF0030 00003C (v01 VBOX   VBOXXSDT 00000001 ASL  00000061)
[    0.000000] ACPI: FACP 0x000000003FFF00F0 0000F4 (v04 VBOX   VBOXFACP 00000001 ASL  00000061)
[    0.000000] ACPI: DSDT 0x000000003FFF0610 002353 (v02 VBOX   VBOXBIOS 00000002 INTL 20200925)
[    0.000000] ACPI: FACS 0x000000003FFF0200 000040
[    0.000000] ACPI: FACS 0x000000003FFF0200 000040
[    0.000000] ACPI: APIC 0x000000003FFF0240 00005C (v02 VBOX   VBOXAPIC 00000001 ASL  00000061)
[    0.000000] ACPI: SSDT 0x000000003FFF02A0 00036C (v01 VBOX   VBOXCPUT 00000002 INTL 20200925)
[    0.000000] No NUMA configuration found
[    0.000000] Faking a node at [mem 0x0000000000000000-0x000000003ffeffff]
[    0.000000] NODE_DATA(0) allocated [mem 0x3ffeb000-0x3ffeffff]
[    0.000000] kvm-clock: Using msrs 4b564d01 and 4b564d00
[    0.000000] kvm-clock: cpu 0, msr 0:3ffe3001, primary cpu clock
[    0.000000] kvm-clock: using sched offset of 2971457700 cycles
[    0.000000] clocksource: kvm-clock: mask: 0xffffffffffffffff max_cycles: 0x1cd42e4dffb, max_idle_ns: 881590591483 ns
[    0.000000] Zone ranges:
[    0.000000]   DMA      [mem 0x0000000000001000-0x0000000000ffffff]
[    0.000000]   DMA32    [mem 0x0000000001000000-0x000000003ffeffff]
[    0.000000]   Normal   empty
[    0.000000]   Device   empty
[    0.000000] Movable zone start for each node
[    0.000000] Early memory node ranges
[    0.000000]   node   0: [mem 0x0000000000001000-0x000000000009efff]
[    0.000000]   node   0: [mem 0x0000000000100000-0x000000003ffeffff]
[    0.000000] Initmem setup node 0 [mem 0x0000000000001000-0x000000003ffeffff]
[    0.000000] ACPI: PM-Timer IO Port: 0x4008
[    0.000000] IOAPIC[0]: apic_id 2, version 32, address 0xfec00000, GSI 0-23
[    0.000000] ACPI: INT_SRC_OVR (bus 0 bus_irq 0 global_irq 2 dfl dfl)
[    0.000000] ACPI: INT_SRC_OVR (bus 0 bus_irq 9 global_irq 9 low level)
[    0.000000] Using ACPI (MADT) for SMP configuration information
[    0.000000] smpboot: Allowing 2 CPUs, 0 hotplug CPUs
[    0.000000] PM: Registered nosave memory: [mem 0x00000000-0x00000fff]
[    0.000000] PM: Registered nosave memory: [mem 0x0009f000-0x0009ffff]
[    0.000000] PM: Registered nosave memory: [mem 0x000a0000-0x000effff]
[    0.000000] PM: Registered nosave memory: [mem 0x000f0000-0x000fffff]
[    0.000000] e820: [mem 0x40000000-0xfebfffff] available for PCI devices
[    0.000000] Booting paravirtualized kernel on KVM
[    0.000000] clocksource: refined-jiffies: mask: 0xffffffff max_cycles: 0xffffffff, max_idle_ns: 7645519600211568 ns
[    0.000000] setup_percpu: NR_CPUS:512 nr_cpumask_bits:512 nr_cpu_ids:2 nr_node_ids:1
[    0.000000] PERCPU: Embedded 33 pages/cpu @ffff88003fc00000 s95192 r8192 d31784 u1048576
[    0.000000] Built 1 zonelists in Node order, mobility grouping on.  Total pages: 257912
[    0.000000] Policy zone: DMA32
[    0.000000] Kernel command line: BOOT_IMAGE=/boot/vmlinuz-4.4.0-210-generic root=LABEL=cloudimg-rootfs ro console=tty1 console=ttyS0
[    0.000000] PID hash table entries: 4096 (order: 3, 32768 bytes)
[    0.000000] Memory: 997792K/1048120K available (8644K kernel code, 1332K rwdata, 4044K rodata, 1492K init, 1164K bss, 50328K reserved, 0K cma-reserved)
[    0.000000] SLUB: HWalign=64, Order=0-3, MinObjects=0, CPUs=2, Nodes=1
[    0.000000] Kernel/User page tables isolation: enabled
[    0.000000] Hierarchical RCU implementation.
[    0.000000] 	Build-time adjustment of leaf fanout to 64.
[    0.000000] 	RCU restricting CPUs from NR_CPUS=512 to nr_cpu_ids=2.
[    0.000000] RCU: Adjusting geometry for rcu_fanout_leaf=64, nr_cpu_ids=2
[    0.000000] NR_IRQS:33024 nr_irqs:440 16
[    0.000000] Console: colour VGA+ 80x25
[    0.000000] console [tty1] enabled
[    0.000000] console [ttyS0] enabled
[    0.000000] tsc: Detected 1799.998 MHz processor
[    0.134184] Calibrating delay loop (skipped) preset value.. 3599.99 BogoMIPS (lpj=7199992)
[    0.135965] pid_max: default: 32768 minimum: 301
[    0.136924] ACPI: Core revision 20150930
[    0.140336] ACPI: 2 ACPI AML tables successfully acquired and loaded
[    0.141757] Security Framework initialized
[    0.142640] Yama: becoming mindful.
[    0.146629] AppArmor: AppArmor initialized
[    0.148327] Dentry cache hash table entries: 131072 (order: 8, 1048576 bytes)
[    0.153443] Inode-cache hash table entries: 65536 (order: 7, 524288 bytes)
[    0.158044] Mount-cache hash table entries: 2048 (order: 2, 16384 bytes)
[    0.160971] Mountpoint-cache hash table entries: 2048 (order: 2, 16384 bytes)
[    0.164176] Initializing cgroup subsys io
[    0.166054] Initializing cgroup subsys memory
[    0.168121] Initializing cgroup subsys devices
[    0.170132] Initializing cgroup subsys freezer
[    0.172195] Initializing cgroup subsys net_cls
[    0.174282] Initializing cgroup subsys perf_event
[    0.181190] Initializing cgroup subsys net_prio
[    0.184780] Initializing cgroup subsys hugetlb
[    0.186050] Initializing cgroup subsys pids
[    0.203343] mce: CPU supports 0 MCE banks
[    0.210243] Last level iTLB entries: 4KB 64, 2MB 8, 4MB 8
[    0.216937] Last level dTLB entries: 4KB 64, 2MB 0, 4MB 0, 1GB 4
[    0.218485] Spectre V1 : Mitigation: usercopy/swapgs barriers and __user pointer sanitization
[    0.220950] Spectre V2 : Mitigation: Full generic retpoline
[    0.222387] Spectre V2 : Spectre v2 / SpectreRSB mitigation: Filling RSB on context switch
[    0.224559] Speculative Store Bypass: Vulnerable
[    0.225836] SRBDS: Unknown: Dependent on hypervisor status
[    0.227208] MDS: Mitigation: Clear CPU buffers
[    0.231381] Freeing SMP alternatives memory: 36K
[    0.239214] ftrace: allocating 32380 entries in 127 pages
[    0.297261] smpboot: APIC(0) Converting physical 0 to logical package 0
[    0.298572] smpboot: Max logical packages: 1
[    0.299872] x2apic enabled
[    0.300997] Switched APIC routing to physical x2apic.
[    0.303439] ..TIMER: vector=0x30 apic1=0 pin1=2 apic2=-1 pin2=-1
[    0.412816] smpboot: CPU0: Intel(R) Core(TM) i5-8265U CPU @ 1.60GHz (family: 0x6, model: 0x8e, stepping: 0xb)
[    0.415166] Performance Events: unsupported p6 CPU model 142 no PMU driver, software events only.
[    0.425126] KVM setup paravirtual spinlock
[    0.426887] x86: Booting SMP configuration:
[    0.427908] .... node  #0, CPUs:      #1
[    0.429036] kvm-clock: cpu 1, msr 0:3ffe3041, secondary cpu clock
[    0.444178] mce: CPU supports 0 MCE banks
[    0.446733] x86: Booted up 1 node, 2 CPUs
[    0.447945] smpboot: Total of 2 processors activated (7199.99 BogoMIPS)
[    0.449774] devtmpfs: initialized
[    0.452072] evm: security.selinux
[    0.452934] evm: security.SMACK64
[    0.453844] evm: security.SMACK64EXEC
[    0.454741] evm: security.SMACK64TRANSMUTE
[    0.455727] evm: security.SMACK64MMAP
[    0.456644] evm: security.ima
[    0.457452] evm: security.capability
[    0.458667] clocksource: jiffies: mask: 0xffffffff max_cycles: 0xffffffff, max_idle_ns: 7645041785100000 ns
[    0.460870] futex hash table entries: 512 (order: 3, 32768 bytes)
[    0.462431] pinctrl core: initialized pinctrl subsystem
[    0.463745] RTC time:  3:21:40, date: 11/19/23
[    0.465170] NET: Registered protocol family 16
[    0.477333] cpuidle: using governor ladder
[    0.489675] cpuidle: using governor menu
[    0.490740] PCCT header not found.
[    0.491860] ACPI: bus type PCI registered
[    0.492904] acpiphp: ACPI Hot Plug PCI Controller Driver version: 0.5
[    0.494472] PCI: Using configuration type 1 for base access
[    0.507698] ACPI: Added _OSI(Module Device)
[    0.508818] ACPI: Added _OSI(Processor Device)
[    0.510019] ACPI: Added _OSI(3.0 _SCP Extensions)
[    0.511231] ACPI: Added _OSI(Processor Aggregator Device)
[    0.513067] ACPI: Executed 1 blocks of module-level executable AML code
[    0.516892] ACPI: Interpreter enabled
[    0.518008] ACPI: (supports S0 S5)
[    0.518963] ACPI: Using IOAPIC for interrupt routing
[    0.520321] PCI: Using host bridge windows from ACPI; if necessary, use "pci=nocrs" and report a bug
[    0.525944] ACPI: PCI Root Bridge [PCI0] (domain 0000 [bus 00-ff])
[    0.527305] acpi PNP0A03:00: _OSC: OS supports [ASPM ClockPM Segments MSI]
[    0.529129] acpi PNP0A03:00: _OSC: not requesting OS control; OS requires [ExtendedConfig ASPM ClockPM MSI]
[    0.531199] acpi PNP0A03:00: fail to add MMCONFIG information, can't access extended PCI configuration space under this bridge.
[    0.533587] PCI host bridge to bus 0000:00
[    0.534604] pci_bus 0000:00: root bus resource [io  0x0000-0x0cf7 window]
[    0.535959] pci_bus 0000:00: root bus resource [io  0x0d00-0xffff window]
[    0.537266] pci_bus 0000:00: root bus resource [mem 0x000a0000-0x000bffff window]
[    0.538958] pci_bus 0000:00: root bus resource [mem 0x40000000-0xfdffffff window]
[    0.540633] pci_bus 0000:00: root bus resource [bus 00-ff]
[    0.543269] pci 0000:00:01.1: legacy IDE quirk: reg 0x10: [io  0x01f0-0x01f7]
[    0.544641] pci 0000:00:01.1: legacy IDE quirk: reg 0x14: [io  0x03f6]
[    0.545973] pci 0000:00:01.1: legacy IDE quirk: reg 0x18: [io  0x0170-0x0177]
[    0.560350] pci 0000:00:01.1: legacy IDE quirk: reg 0x1c: [io  0x0376]
[    0.571620] pci 0000:00:07.0: quirk: [io  0x4000-0x403f] claimed by PIIX4 ACPI
[    0.573331] pci 0000:00:07.0: quirk: [io  0x4100-0x410f] claimed by PIIX4 SMB
[    0.582101] ACPI: PCI Interrupt Link [LNKA] (IRQs 5 9 10 *11)
[    0.583932] ACPI: PCI Interrupt Link [LNKB] (IRQs 5 9 *10 11)
[    0.585543] ACPI: PCI Interrupt Link [LNKC] (IRQs 5 *9 10 11)
[    0.587196] ACPI: PCI Interrupt Link [LNKD] (IRQs 5 9 10 *11)
[    0.588731] ACPI: Enabled 2 GPEs in block 00 to 07
[    0.590118] vgaarb: setting as boot device: PCI:0000:00:02.0
[    0.591532] vgaarb: device added: PCI:0000:00:02.0,decodes=io+mem,owns=io+mem,locks=none
[    0.593386] vgaarb: loaded
[    0.594127] vgaarb: bridge control possible 0000:00:02.0
[    0.595403] SCSI subsystem initialized
[    0.596500] ACPI: bus type USB registered
[    0.597441] usbcore: registered new interface driver usbfs
[    0.598618] usbcore: registered new interface driver hub
[    0.599759] usbcore: registered new device driver usb
[    0.601288] PCI: Using ACPI for IRQ routing
[    0.602504] NetLabel: Initializing
[    0.603383] NetLabel:  domain hash size = 128
[    0.604396] NetLabel:  protocols = UNLABELED CIPSOv4
[    0.605460] NetLabel:  unlabeled traffic allowed by default
[    0.606777] amd_nb: Cannot enumerate AMD northbridges
[    0.608239] clocksource: Switched to clocksource kvm-clock
[    0.614442] AppArmor: AppArmor Filesystem Enabled
[    0.615526] pnp: PnP ACPI init
[    0.616963] pnp: PnP ACPI: found 3 devices
[    0.625140] clocksource: acpi_pm: mask: 0xffffff max_cycles: 0xffffff, max_idle_ns: 2085701024 ns
[    0.627066] NET: Registered protocol family 2
[    0.628244] TCP established hash table entries: 8192 (order: 4, 65536 bytes)
[    0.629684] TCP bind hash table entries: 8192 (order: 5, 131072 bytes)
[    0.630972] TCP: Hash tables configured (established 8192 bind 8192)
[    0.632337] UDP hash table entries: 512 (order: 2, 16384 bytes)
[    0.633555] UDP-Lite hash table entries: 512 (order: 2, 16384 bytes)
[    0.634941] NET: Registered protocol family 1
[    0.635893] pci 0000:00:00.0: Limiting direct PCI/PCI transfers
[    0.637124] pci 0000:00:01.0: Activating ISA DMA hang workarounds
[    0.638416] Unpacking initramfs...
[    0.811645] Freeing initrd memory: 14888K
[    0.812756] clocksource: tsc: mask: 0xffffffffffffffff max_cycles: 0x19f227af07c, max_idle_ns: 440795246167 ns
[    0.814794] platform rtc_cmos: registered platform RTC device (no PNP device found)
[    0.816535] Scanning for low memory corruption every 60 seconds
[    0.818218] audit: initializing netlink subsys (disabled)
[    0.819360] audit: type=2000 audit(1700364104.974:1): initialized
[    0.820800] Initialise system trusted keyring
[    0.821938] HugeTLB registered 2 MB page size, pre-allocated 0 pages
[    0.824645] zbud: loaded
[    0.825903] VFS: Disk quotas dquot_6.6.0
[    0.826847] VFS: Dquot-cache hash table entries: 512 (order 0, 4096 bytes)
[    0.828496] squashfs: version 4.0 (2009/01/31) Phillip Lougher
[    0.829967] fuse init (API version 7.23)
[    0.831065] Key type big_key registered
[    0.831993] Allocating IMA MOK and blacklist keyrings.
[    0.833612] Key type asymmetric registered
[    0.834662] Asymmetric key parser 'x509' registered
[    0.835751] Block layer SCSI generic (bsg) driver version 0.4 loaded (major 249)
[    0.837543] io scheduler noop registered
[    0.838511] io scheduler deadline registered (default)
[    0.839632] io scheduler cfq registered
[    0.840779] pci_hotplug: PCI Hot Plug PCI Core version: 0.5
[    0.842203] pciehp: PCI Express Hot Plug Controller Driver version: 0.4
[    0.843573] ACPI: AC Adapter [AC] (on-line)
[    0.844644] input: Power Button as /devices/LNXSYSTM:00/LNXPWRBN:00/input/input0
[    0.846364] ACPI: Power Button [PWRF]
[    0.847284] input: Sleep Button as /devices/LNXSYSTM:00/LNXSLPBN:00/input/input1
[    0.848939] ACPI: Sleep Button [SLPF]
[    0.849980] GHES: HEST is not enabled!
[    0.850493] ACPI: Battery Slot [BAT0] (battery present)
[    0.852116] Serial: 8250/16550 driver, 32 ports, IRQ sharing enabled
[    0.873911] 00:02: ttyS0 at I/O 0x3f8 (irq = 4, base_baud = 115200) is a 16550A
[    0.877636] Linux agpgart interface v0.103
[    0.879866] loop: module loaded
[    0.881127] scsi host0: ata_piix
[    0.882062] scsi host1: ata_piix
[    0.882931] ata1: PATA max UDMA/33 cmd 0x1f0 ctl 0x3f6 bmdma 0xd000 irq 14
[    0.884298] ata2: PATA max UDMA/33 cmd 0x170 ctl 0x376 bmdma 0xd008 irq 15
[    0.885712] libphy: Fixed MDIO Bus: probed
[    0.886690] tun: Universal TUN/TAP device driver, 1.6
[    0.887789] tun: (C) 1999-2004 Max Krasnyansky <maxk@qualcomm.com>
[    0.889148] PPP generic driver version 2.4.2
[    0.890245] ehci_hcd: USB 2.0 'Enhanced' Host Controller (EHCI) Driver
[    0.891758] ehci-pci: EHCI PCI platform driver
[    0.892842] ehci-platform: EHCI generic platform driver
[    0.893943] ohci_hcd: USB 1.1 'Open' Host Controller (OHCI) Driver
[    0.895170] ohci-pci: OHCI PCI platform driver
[    0.896293] ohci-platform: OHCI generic platform driver
[    0.897383] uhci_hcd: USB Universal Host Controller Interface driver
[    0.898697] i8042: PNP: PS/2 Controller [PNP0303:PS2K,PNP0f03:PS2M] at 0x60,0x64 irq 1,12
[    0.900961] serio: i8042 KBD port at 0x60,0x64 irq 1
[    0.902013] serio: i8042 AUX port at 0x60,0x64 irq 12
[    0.903307] mousedev: PS/2 mouse device common for all mice
[    0.904887] input: AT Translated Set 2 keyboard as /devices/platform/i8042/serio0/input/input2
[    0.907104] rtc_cmos rtc_cmos: rtc core: registered rtc_cmos as rtc0
[    0.908716] rtc_cmos rtc_cmos: alarms up to one day, 114 bytes nvram
[    0.910041] i2c /dev entries driver
[    0.910940] device-mapper: uevent: version 1.0.3
[    0.912146] device-mapper: ioctl: 4.34.0-ioctl (2015-10-28) initialised: dm-devel@redhat.com
[    0.914216] ledtrig-cpu: registered to indicate activity on CPUs
[    0.915847] NET: Registered protocol family 10
[    0.917149] NET: Registered protocol family 17
[    0.918232] Key type dns_resolver registered
[    0.919699] registered taskstats version 1
[    0.920803] Loading compiled-in X.509 certificates
[    0.922406] Loaded X.509 cert 'Build time autogenerated kernel key: cf00e047681d67edb2720680708b7d9498083038'
[    0.924861] zswap: loaded using pool lzo/zbud
[    0.927350] Key type trusted registered
[    0.931117] Key type encrypted registered
[    0.932010] AppArmor: AppArmor sha1 policy hashing enabled
[    0.933208] ima: No TPM chip found, activating TPM-bypass!
[    0.934388] ima: Allocated hash algorithm: sha1
[    0.935405] evm: HMAC attrs: 0x1
[    0.936528]   Magic number: 15:596:361
[    0.937545] rtc_cmos rtc_cmos: setting system clock to 2023-11-19 03:21:40 UTC (1700364100)
[    0.939490] BIOS EDD facility v0.16 2004-Jun-25, 0 devices found
[    0.940826] EDD information not available.
[    1.064029] Freeing unused kernel memory: 1492K
[    1.065102] Write protecting the kernel read-only data: 14336k
[    1.066773] Freeing unused kernel memory: 1584K
[    1.068126] Freeing unused kernel memory: 52K
Loading, please wait...
starting version 229
[    1.080789] random: systemd-udevd: uninitialized urandom read (16 bytes read, 3 bits of entropy available)
[    1.081434] random: udevadm: uninitialized urandom read (16 bytes read, 3 bits of entropy available)
[    1.081464] random: udevadm: uninitialized urandom read (16 bytes read, 3 bits of entropy available)
[    1.087202] random: systemd-udevd: uninitialized urandom read (16 bytes read, 3 bits of entropy available)
[    1.089450] random: systemd-udevd: uninitialized urandom read (16 bytes read, 3 bits of entropy available)
[    1.090520] random: udevadm: uninitialized urandom read (16 bytes read, 3 bits of entropy available)
[    1.090574] random: udevadm: uninitialized urandom read (16 bytes read, 3 bits of entropy available)
[    1.090761] random: udevadm: uninitialized urandom read (16 bytes read, 3 bits of entropy available)
[    1.090829] random: udevadm: uninitialized urandom read (16 bytes read, 3 bits of entropy available)
[    1.090898] random: udevadm: uninitialized urandom read (16 bytes read, 3 bits of entropy available)
[    1.138388] e1000: Intel(R) PRO/1000 Network Driver - version 7.3.21-k8-NAPI
[    1.139711] e1000: Copyright (c) 1999-2006 Intel Corporation.
[    1.145588] Fusion MPT base driver 3.04.20
[    1.146734] Copyright (c) 1999-2008 LSI Corporation
[    1.152161] Fusion MPT SPI Host driver 3.04.20
[    1.153769] mptbase: ioc0: Initiating bringup
[    1.161208] AVX2 version of gcm_enc/dec engaged.
[    1.162201] AES CTR mode by8 optimization enabled
[    1.232643] ioc0: LSI53C1030 A0: Capabilities={Initiator}
[    1.349615] input: ImExPS/2 Generic Explorer Mouse as /devices/platform/i8042/serio1/input/input4
[    1.405964] scsi host2: ioc0: LSI53C1030 A0, FwRev=00000000h, Ports=1, MaxQ=256, IRQ=20
[    1.517733] scsi 2:0:0:0: Direct-Access     VBOX     HARDDISK         1.0  PQ: 0 ANSI: 5
[    1.519356] scsi target2:0:0: Beginning Domain Validation
[    1.521327] scsi target2:0:0: Domain Validation skipping write tests
[    1.522443] scsi target2:0:0: Ending Domain Validation
[    1.523471] scsi target2:0:0: asynchronous
[    1.524902] scsi 2:0:1:0: Direct-Access     VBOX     HARDDISK         1.0  PQ: 0 ANSI: 5
[    1.526657] scsi target2:0:1: Beginning Domain Validation
[    1.528741] scsi target2:0:1: Domain Validation skipping write tests
[    1.530010] scsi target2:0:1: Ending Domain Validation
[    1.531143] scsi target2:0:1: asynchronous
[    1.535965] sd 2:0:0:0: Attached scsi generic sg0 type 0
[    1.537271] sd 2:0:0:0: [sda] 83886080 512-byte logical blocks: (42.9 GB/40.0 GiB)
[    1.552504] sd 2:0:1:0: Attached scsi generic sg1 type 0
[    1.553657] sd 2:0:1:0: [sdb] 20480 512-byte logical blocks: (10.5 MB/10.0 MiB)
[    1.555615] sd 2:0:1:0: [sdb] Write Protect is off
[    1.556793] sd 2:0:1:0: [sdb] Incomplete mode parameter data
[    1.557978] sd 2:0:1:0: [sdb] Assuming drive cache: write through
[    1.559226] sd 2:0:0:0: [sda] Write Protect is off
[    1.560689] sd 2:0:0:0: [sda] Incomplete mode parameter data
[    1.561861] sd 2:0:0:0: [sda] Assuming drive cache: write through
[    1.564183]  sda: sda1
[    1.565878] sd 2:0:1:0: [sdb] Attached SCSI disk
[    1.567084] sd 2:0:0:0: [sda] Attached SCSI disk
[    1.934684] e1000 0000:00:03.0 eth0: (PCI:33MHz:32-bit) 02:be:82:6b:cc:1d
[    1.936019] e1000 0000:00:03.0 eth0: Intel(R) PRO/1000 Network Connection
[    2.513751] e1000 0000:00:08.0 eth1: (PCI:33MHz:32-bit) 08:00:27:78:fe:c8
[    2.515139] e1000 0000:00:08.0 eth1: Intel(R) PRO/1000 Network Connection
[    2.517226] e1000 0000:00:08.0 enp0s8: renamed from eth1
[    2.528898] e1000 0000:00:03.0 enp0s3: renamed from eth0
Begin: Loading essential drivers ... [    3.962499] md: linear personality registered for level -1
[    3.965341] md: multipath personality registered for level -4
[    3.968617] md: raid0 personality registered for level 0
[    3.973444] md: raid1 personality registered for level 1
[    4.044274] raid6: sse2x1   gen() 12938 MB/s
[    4.112266] raid6: sse2x1   xor()  9656 MB/s
[    4.180267] raid6: sse2x2   gen() 15967 MB/s
[    4.248266] raid6: sse2x2   xor() 11040 MB/s
[    4.316265] raid6: sse2x4   gen() 18186 MB/s
[    4.384262] raid6: sse2x4   xor() 11713 MB/s
[    4.452267] raid6: avx2x1   gen() 22925 MB/s
[    4.520265] raid6: avx2x2   gen() 28231 MB/s
[    4.588264] raid6: avx2x4   gen() 32529 MB/s
[    4.589173] raid6: using algorithm avx2x4 gen() 32529 MB/s
[    4.590147] raid6: using avx2x2 recovery algorithm
[    4.592179] xor: automatically using best checksumming function:
[    4.632263]    avx       : 24560.000 MB/sec
[    4.634384] async_tx: api initialized (async)
[    4.643402] md: raid6 personality registered for level 6
[    4.644632] md: raid5 personality registered for level 5
[    4.645870] md: raid4 personality registered for level 4
[    4.651533] md: raid10 personality registered for level 10
done.
Begin: Running /scripts/init-premount ... done.
Begin: Mounting root file system ... Begin: Running /scripts/local-top ... done.
Begin: Running /scripts/local-premount ... [    4.678498] Btrfs loaded
Scanning for Btrfs filesystems
done.
Warning: fsck not present, so skipping root file system
[    4.709425] EXT4-fs (sda1): mounted filesystem with ordered data mode. Opts: (null)
done.
Begin: Running /scripts/local-bottom ... done.
Begin: Running /scripts/init-bottom ... done.
[    4.782185] systemd[1]: systemd 229 running in system mode. (+PAM +AUDIT +SELINUX +IMA +APPARMOR +SMACK +SYSVINIT +UTMP +LIBCRYPTSETUP +GCRYPT +GNUTLS +ACL +XZ -LZ4 +SECCOMP +BLKID +ELFUTILS +KMOD -IDN)
[    4.785737] systemd[1]: Detected virtualization oracle.
[    4.786784] systemd[1]: Detected architecture x86-64.

Welcome to [1mUbuntu 16.04.7 LTS[0m!

[    4.789652] systemd[1]: Set hostname to <ubuntu>.
[    4.791995] systemd[1]: Initializing machine ID from random generator.
[    4.793360] systemd[1]: Installed transient /etc/machine-id file.
[    4.901870] systemd[1]: Started Forward Password Requests to Wall Directory Watch.
[[0;32m  OK  [0m] Started Forward Password Requests to Wall Directory Watch.
[    4.904450] systemd[1]: Listening on udev Kernel Socket.
[[0;32m  OK  [0m] Listening on udev Kernel Socket.
[    4.906162] systemd[1]: Reached target User and Group Name Lookups.
[[0;32m  OK  [0m] Reached target User and Group Name Lookups.
[    4.908220] systemd[1]: Listening on Journal Socket (/dev/log).
[[0;32m  OK  [0m] Listening on Journal Socket (/dev/log).
[    4.910004] systemd[1]: Reached target Encrypted Volumes.
[[0;32m  OK  [0m] Reached target Encrypted Volumes.
[    4.911609] systemd[1]: Listening on Journal Socket.
[[0;32m  OK  [0m] Listening on Journal Socket.
[    4.913384] systemd[1]: Listening on Journal Audit Socket.
[[0;32m  OK  [0m] Listening on Journal Audit Socket.
[    4.915010] systemd[1]: Reached target Swap.
[[0;32m  OK  [0m] Reached target Swap.
[    4.916754] systemd[1]: Created slice User and Session Slice.
[[0;32m  OK  [0m] Created slice User and Session Slice.
[    4.918402] systemd[1]: Listening on udev Control Socket.
[[0;32m  OK  [0m] Listening on udev Control Socket.
[    4.920151] systemd[1]: Listening on /dev/initctl Compatibility Named Pipe.
[[0;32m  OK  [0m] Listening on /dev/initctl Compatibility Named Pipe.
[    4.923053] systemd[1]: Created slice System Slice.
[[0;32m  OK  [0m] Created slice System Slice.
[    4.936357] systemd[1]: Mounting Huge Pages File System...
         Mounting Huge Pages File System...
[    4.939092] systemd[1]: Starting Nameserver information manager...
         Starting Nameserver information manager...
[    4.941684] systemd[1]: Starting Create list of required static device nodes for the current kernel...
         Starting Create list of required st... nodes for the current kernel...
[    4.944873] systemd[1]: Mounting Debug File System...
         Mounting Debug File System...
[    4.947926] systemd[1]: Starting Uncomplicated firewall...
         Starting Uncomplicated firewall...
[    4.950591] systemd[1]: Starting Set console keymap...
         Starting Set console keymap...
[    4.954057] systemd[1]: Starting Load Kernel Modules...
         Starting Load Kernel Modules...
[    4.960985] systemd[1]: Mounting POSIX Message Queue File System...
         Mounting POSIX Message Queue File System...
[    4.962802] Loading iSCSI transport class v2.0-870.
[    4.968498] systemd[1]: Started Trigger resolvconf update for networkd DNS.
[    4.970430] iscsi: registered transport (tcp)
[[0;32m  OK  [0m] Started Trigger resolvconf update for networkd DNS.
[    4.976560] systemd[1]: Created slice system-serial\x2dgetty.slice.
[[0;32m  OK  [0m] Created slice system-serial\x2dgetty.slice.
[    4.978696] systemd[1]: Set up automount Arbitrary Executable File Formats File System Automount Point.
[[0;32m  OK  [0m] Set up automount Arbitrary Executab...ats File System Automount Point.
[    4.982127] systemd[1]: Listening on Device-mapper event daemon FIFOs.
[[0;32m  OK  [0m] Listening on Device-mapper event daemon FIFOs.
[    4.984039] systemd[1]: Listening on fsck to fsckd communication Socket.
[[0;32m  OK  [0m] Listening on fsck to fsckd communication Socket.
[    4.999686] iscsi: registered transport (iser)
[    5.000813] systemd[1]: Starting File System Check on Root Device...
         Starting File System Check on Root Device...
[    5.002618] systemd[1]: Reached target System Time Synchronized.
[[0;32m  OK  [0m] Reached target System Time Synchronized.
[    5.004686] systemd[1]: Listening on LVM2 poll daemon socket.
[[0;32m  OK  [0m] Listening on LVM2 poll daemon socket.
[    5.006507] systemd[1]: Listening on LVM2 metadata daemon socket.
[[0;32m  OK  [0m] Listening on LVM2 metadata daemon socket.
[    5.009018] systemd[1]: Starting Monitoring of LVM2 mirrors, snapshots etc. using dmeventd or progress polling...
         Starting Monitoring of LVM2 mirrors... dmeventd or progress polling...
[    5.012470] systemd[1]: Reached target Slices.
[[0;32m  OK  [0m] Reached target Slices.
[    5.014342] systemd[1]: Listening on Syslog Socket.
[[0;32m  OK  [0m] Listening on Syslog Socket.
[    5.017167] systemd[1]: Starting Journal Service...
         Starting Journal Service...
[    5.020991] systemd[1]: Mounted Huge Pages File System.
[[0;32m  OK  [0m] Mounted Huge Pages File System.
[    5.022773] systemd[1]: Mounted POSIX Message Queue File System.
[[0;32m  OK  [0m] Mounted POSIX Message Queue File System.
[    5.024751] systemd[1]: Mounted Debug File System.
[[0;32m  OK  [0m] Mounted Debug File System.
[    5.027620] systemd[1]: Started Create list of required static device nodes for the current kernel.
[[0;32m  OK  [0m] Started Create list of required sta...ce nodes for the current kernel.
[    5.032971] systemd[1]: Started Uncomplicated firewall.
[[0;32m  OK  [0m] Started Uncomplicated firewall.
[    5.035178] systemd[1]: Started Load Kernel Modules.
[[0;32m  OK  [0m] Started Load Kernel Modules.
[    5.037554] systemd[1]: Started Nameserver information manager.
[[0;32m  OK  [0m] Started Nameserver information manager.
[    5.041489] systemd[1]: Started LVM2 metadata daemon.
[[0;32m  OK  [0m] Started LVM2 metadata daemon.
[    5.044219] systemd[1]: Started File System Check Daemon to report status.
[[0;32m  OK  [0m] Started File System Check Daemon to report status.
[    5.048683] systemd[1]: Mounting FUSE Control File System...
         Mounting FUSE Control File System...
[    5.050895] systemd[1]: Starting Apply Kernel Variables...
         Starting Apply Kernel Variables...
[    5.054888] systemd[1]: Starting Create Static Device Nodes in /dev...
         Starting Create Static Device Nodes in /dev...
[    5.057890] systemd[1]: Mounted FUSE Control File System.
[[0;32m  OK  [0m] Mounted FUSE Control File System.
[    5.059665] systemd[1]: Started Journal Service.
[[0;32m  OK  [0m] Started Journal Service.
[[0;32m  OK  [0m] Started Set console keymap.
[[0;32m  OK  [0m] Started File System Check on Root Device.
[[0;32m  OK  [0m] Started Apply Kernel Variables.
         Starting Remount Root and Kernel File Systems...
[[0;32m  OK  [0m] Started Create Static Device Nodes in /dev.
         Starting udev Kernel Device Manager...
[[0;32m  OK  [0m] Started Remount Root and Kernel File Systems.
         Starting Load/Save Random Seed...
         Starting udev Coldplug all Devices...
         Starting Flush Journal to Persistent Storage...
[[0;32m  OK  [0m] Started Load/Save Random Seed.
[[0;32m  OK  [0m] Started Flush Journal to Persistent Storage.
[[0;32m  OK  [0m] Started udev Kernel Device Manager.
[[0;32m  OK  [0m] Started udev Coldplug all Devices.
[[0;32m  OK  [0m] Started Dispatch Password Requests to Console Directory Watch.
[[0;32m  OK  [0m] Found device /dev/ttyS0.
[[0;32m  OK  [0m] Started Monitoring of LVM2 mirrors,...ng dmeventd or progress polling.
[[0;32m  OK  [0m] Reached target Local File Systems (Pre).
[[0;32m  OK  [0m] Reached target Local File Systems.
         Starting Set console font and keymap...
         Starting Tell Plymouth To Write Out Runtime Data...
         Starting Initial cloud-init job (pre-networking)...
         Starting Create Volatile Files and Directories...
         Starting LSB: AppArmor initialization...
         Starting Commit a transient machine-id on disk...
[[0;32m  OK  [0m] Started Tell Plymouth To Write Out Runtime Data.
[[0;32m  OK  [0m] Started Create Volatile Files and Directories.
[[0;32m  OK  [0m] Started Commit a transient machine-id on disk.
[[0;32m  OK  [0m] Listening on Load/Save RF Kill Switch Status /dev/rfkill Watch.
[    5.988952] cloud-init[563]: Cloud-init v. 21.1-19-gbad84ad4-0ubuntu1~16.04.2 running 'init-local' at Sun, 19 Nov 2023 03:21:45 +0000. Up 5.63 seconds.
         Starting Update UTMP about System Boot/Shutdown...
[[0;32m  OK  [0m] Started Update UTMP about System Boot/Shutdown.
[[0;32m  OK  [0m] Started Initial cloud-init job (pre-networking).
[[0;32m  OK  [0m] Reached target Network (Pre).
[[0;32m  OK  [0m] Started Set console font and keymap.
[[0;32m  OK  [0m] Created slice system-getty.slice.
[[0;32m  OK  [0m] Started LSB: AppArmor initialization.
         Starting Raise network interfaces...
         Starting Load AppArmor profiles managed internally by snapd...
[[0;32m  OK  [0m] Started Load AppArmor profiles managed internally by snapd.
[[0;32m  OK  [0m] Started Raise network interfaces.
         Starting Initial cloud-init job (metadata service crawler)...
[[0;32m  OK  [0m] Reached target Network.
[    8.517048] cloud-init[952]: Cloud-init v. 21.1-19-gbad84ad4-0ubuntu1~16.04.2 running 'init' at Sun, 19 Nov 2023 03:21:47 +0000. Up 7.82 seconds.
[    8.518360] cloud-init[952]: ci-info: ++++++++++++++++++++++++++++++++++++++Net device info+++++++++++++++++++++++++++++++++++++++
[    8.519628] cloud-init[952]: ci-info: +--------+-------+----------------------------+---------------+--------+-------------------+
[    8.521026] cloud-init[952]: ci-info: | Device |   Up  |          Address           |      Mask     | Scope  |     Hw-Address    |
[    8.522095] cloud-init[952]: ci-info: +--------+-------+----------------------------+---------------+--------+-------------------+
[    8.523210] cloud-init[952]: ci-info: | enp0s3 |  True |         10.0.2.15          | 255.255.255.0 | global | 02:be:82:6b:cc:1d |
[    8.540333] cloud-init[952]: ci-info: | enp0s3 |  True | fe80::be:82ff:fe6b:cc1d/64 |       .       |  link  | 02:be:82:6b:cc:1d |
[    8.541350] cloud-init[952]: ci-info: | enp0s8 | False |             .              |       .       |   .    | 08:00:27:78:fe:c8 |
[    8.542517] cloud-init[952]: ci-info: |   lo   |  True |         127.0.0.1          |   255.0.0.0   |  host  |         .         |
[    8.543844] cloud-init[952]: ci-info: |   lo   |  True |          ::1/128           |       .       |  host  |         .         |
[    8.544983] cloud-init[952]: ci-info: +--------+-------+----------------------------+---------------+--------+-------------------+
[    8.546135] cloud-init[952]: ci-info: +++++++++++++++++++++++++++Route IPv4 info++++++++++++++++++++++++++++
[    8.548195] cloud-init[952]: ci-info: +-------+-------------+----------+---------------+-----------+-------+
[    8.552291] cloud-init[952]: ci-info: | Route | Destination | Gateway  |    Genmask    | Interface | Flags |
[    8.556331] cloud-init[952]: ci-info: +-------+-------------+----------+---------------+-----------+-------+
[    8.557335] cloud-init[952]: ci-info: |   0   |   0.0.0.0   | 10.0.2.2 |    0.0.0.0    |   enp0s3  |   UG  |
[    8.558600] cloud-init[952]: ci-info: |   1   |   10.0.2.0  | 0.0.0.0  | 255.255.255.0 |   enp0s3  |   U   |
[    8.559714] cloud-init[952]: ci-info: +-------+-------------+----------+---------------+-----------+-------+
[    8.561151] cloud-init[952]: ci-info: +++++++++++++++++++Route IPv6 info+++++++++++++++++++
[    8.564184] cloud-init[952]: ci-info: +-------+-------------+---------+-----------+-------+
[    8.568237] cloud-init[952]: ci-info: | Route | Destination | Gateway | Interface | Flags |
[    8.569495] cloud-init[952]: ci-info: +-------+-------------+---------+-----------+-------+
[    8.572230] cloud-init[952]: ci-info: |   0   |  fe80::/64  |    ::   |   enp0s3  |   U   |
[    8.576345] cloud-init[952]: ci-info: |   3   |   ff00::/8  |    ::   |   enp0s3  |   U   |
[    8.577629] cloud-init[952]: ci-info: +-------+-------------+---------+-----------+-------+
[    8.580228] cloud-init[952]: Generating public/private rsa key pair.
[    8.584286] cloud-init[952]: Your identification has been saved in /etc/ssh/ssh_host_rsa_key.
[    8.585566] cloud-init[952]: Your public key has been saved in /etc/ssh/ssh_host_rsa_key.pub.
[    8.586944] cloud-init[952]: The key fingerprint is:
[    8.591419] cloud-init[952]: SHA256:YJdeDrgXecGl+kuS6xVYKhCWVkwORSRxq9I8GVCqe4o root@ubuntu-xenial
[    8.593016] [[0;32m  OK  [0m] Started Initial cloud-init job (metadata service crawler).
[[0;32m  OK  [0m] Reached target Cloud-config availability.
[[0;32m  OK  [0m] Reached target Network is Online.
cloud-init[952]: The key's randomart image is:
[    8.595796] cloud-init[952]: +---[RSA 2048]----+
[    8.596750] cloud-init[952]: |  ..BXB  ....    |
[    8.597610] cloud-init[952]: |   +o*.o o.o     |
[    8.598498] cloud-init[952]: |  ..o * * =      |
[    8.599476] cloud-init[952]: | . o * = @       |
[    8.600349] cloud-init[952]: |. . * o S o      |
[    8.601205] cloud-init[952]: | . . . o o .     |
[    8.602133] cloud-init[952]: |. .     o +      |
[    8.603033] cloud-init[952]: |.o       = .     |
[    8.603936]          Starting iSCSI initiator daemon (iscsid)...
[[0;32m  OK  [0m] Reached target System Initialization.
[[0;32m  OK  [0m] Listening on UUID daemon activation socket.
cloud-init[952]: |E      .o .      |
[    8.606479] [[0;32m  OK  [0m] Started ACPI Events Check.
[[0;32m  OK  [0m] Reached target Paths.
[[0;32m  OK  [0m] Listening on D-Bus System Message Bus Socket.
[[0;32m  OK  [0m] Started Daily Cleanup of Temporary Directories.
[[0;32m  OK  [0m] Started Daily apt download activities.
[[0;32m  OK  [0m] Started Daily apt upgrade and clean activities.
[[0;32m  OK  [0m] Started Message of the Day.
[[0;32m  OK  [0m] Started Ubuntu Advantage update messaging.
[[0;32m  OK  [0m] Reached target Timers.
         Starting Socket activation for snappy daemon.
[[0;32m  OK  [0m] Listening on ACPID Listen Socket.
cloud-init[952]: +----[SHA256]-----+         Starting LXD - unix socket.

[    8.613326] cloud-init[[0;32m  OK  [0m] Listening on Socket activation for snappy daemon.
[952]: [[0;32m  OK  [0m] Listening on LXD - unix socket.
[[0;32m  OK  [0m] Reached target Sockets.
[[0;32m  OK  [0m] Reached target Basic System.
         Starting System Logging Service...
Generating public/private dsa key pair.
[    8.616819] [[0;32m  OK  [0m] Started D-Bus System Message Bus.
cloud-init[952]: Your identification has been saved in /etc/ssh/ssh_host_dsa_key.
[    8.618599] cloud-init[952]: Your public key has been saved in /etc/ssh/ssh_host_dsa_key.pub.
[    8.620102] cloud-init[952]: The key fingerprint is:
[    8.621186] cloud-init[952]: SHA256:gv6UnSKE4FUoQuQniy+A4sMjd5EejPtMcUqWUuwLbO0 root@ubuntu-xenial
[    8.623134] cloud-init[952]: The key's randomart image is:
[    8.624262] cloud-init[952]: +---[DSA 1024]----+
[    8.625317] cloud-init[952]: |oo  ..           |
[    8.626286] cloud-init[952]: |o. o.            |
[    8.627261] cloud-init[952]: |oo.oo            |
[    8.628252] cloud-init[952]: |+o=B +           |
[    8.629263] cloud-init[952]: |=oB # o S        |
[    8.630195] cloud-init[952]: |=o @ B + .       |
[    8.631107] cloud-init[952]: |o=+ E + o        |
[    8.631978] cloud-init[952]: |.oo= + .         |
[    8.632874] cloud-init[952]: |    o .          |
[    8.633722] cloud-init[952]: +----[SHA256]-----+
[    8.634595] cloud-init[952]: Generating public/private ecdsa key pair.
[    8.635721] cloud-init[952]: Your identification has been saved in /etc/ssh/ssh_host_ecdsa_key.
[    8.637073] cloud-init[952]: Your public key has been saved in /etc/ssh/ssh_host_ecdsa_key.pub.
[    8.638428] cloud-init[952]: The key fingerprint is:
[    8.639377] cloud-init[952]: SHA256:S5jUVWO1bET1DLvpS7++PZ6LzFhJWMoE8C/aoNtxJOo root@ubuntu-xenial
[    8.640758] cloud-init[952]: The key's randomart image is:
[    8.641774] cloud-init[952]: +---[ECDSA 256]---+
[    8.642665] cloud-init[952]: |       .....+o=..|
[    8.643509] cloud-init[952]: |       ..... + =.|
[    8.644415] cloud-init[952]: |      . .. . .= o|
[    8.645264] cloud-init[952]: |     . o  + +. o |
[    8.646117] cloud-init[952]: |      ooSo = .o  |
[    8.646954] cloud-init[952]: |      o.*.. ...  |
[    8.647811] cloud-init[952]: |     o o.o   oo  |
[    8.648694] cloud-init[952]: |    . o o   =..+o|
[    8.649535] cloud-init[952]: |     E .   . ++BB|
[    8.650382] cloud-init[952]: +----[SHA256]-----+
[    8.651237] cloud-init[952]: Generating public/private ed25519 key pair.         Starting LSB: Record successful boot for GRUB...

[    8.652926]          Starting Accounts Service...
cloud-init[952]: Your identification has been saved in /etc/ssh/ssh_host_ed25519_key.         Starting Virtualbox guest utils...

[    8.655016] cloud-init[952]: Your public key has been saved in /etc/ssh/ssh_host_ed25519_key.pub.
[[0;32m  OK  [0m] Started Regular background program processing daemon.
[[0;32m  OK  [0m] Started Deferred execution scheduler.
[    8.659284] cloud-init[952]: The key fingerprint is:[[0;32m  OK  [0m] Started FUSE filesystem for LXC.
         Starting Pollinate to seed the pseudo random number generator...
         Starting Login Service...
[[0;32m  OK  [0m] Started ACPI event daemon.
         Starting Snap Daemon...
         Starting LSB: MD monitoring daemon...
         Starting /etc/rc.local Compatibility...
         Starting LXD - container startup/shutdown...
[[0;32m  OK  [0m] Started System Logging Service.
[[0;32m  OK  [0m] Started /etc/rc.local Compatibility.
[[0;32m  OK  [0m] Started iSCSI initiator daemon (iscsid).
         Starting Login to default iSCSI targets...

[    8.700532] [[0;32m  OK  [0m] Started Login Service.
cloud-init[952]: SHA256:5dfHBGINeLBEqXUNdRIOEQWWcKQKZfBqpJPGYwcnE0Q root@ubuntu-xenial
[    8.708410] [cloud-init[0;32m  OK  [0m[952]: ] The key's randomart image is:Started Unattended Upgrades Shutdown.

[    8.708896] cloud-init[952]: +--[ED25519 256]--+
[    8.717622] cloud-init[952]: |   oE ..o.=*&%*..|
[    8.718506] cloud-init[952]: |     . + .+*++o+ |
[[0;32m  OK  [0m] Started LSB: MD monitoring daemon.
[[0;32m  OK  [0m] Started LSB: Record successful boot for GRUB.
[[0;32m  OK  [0m] Started Login to default iSCSI targets.
[[0;32m  OK  [0m] Reached target Remote File Systems (Pre).
[[0;32m  OK  [0m] Reached target Remote File Systems.
[    8.738805] cloud-init         Starting LSB: automatic crash report generation...
[952]: |    + + .o+o  . .|         Starting LSB: Set the CPU Frequency Scaling governor to "ondemand"...
         Starting Permit User Sessions...
         Starting LSB: daemon to balance interrupts for SMP systems...
[[0;32m  OK  [0m] Started Permit User Sessions.
         Starting Hold until boot process finishes up...
         Starting Terminate Plymouth Boot Screen...
[[0;32m  OK  [0m] Started Hold until boot process finishes up.
         Starting Set console scheme...
[[0;32m  OK  [0m] Started Serial Getty on ttyS0.
[[0;32m  OK  [0m] Started Getty on tty1.
[[0;32m  OK  [0m] Reached target Login Prompts.
[[0;32m  OK  [0m] Started Set console scheme.
[[0;32m  OK  [0m] Started Terminate Plymouth Boot Screen.

[    8.781326] cloud-init[952]: |   . O o.+   . o |
[    8.790657] cloud-init[952]: |    O + S . . . o|
[    8.792402] cloud-init[952]: |   o =     .   . |
[    8.796645] [[0;32m  OK  [0m] Started LSB: Set the CPU Frequency Scaling governor to "ondemand".
cloud-init[952]: |                 |
[    8.801410] cloud-init[952]: |                 |
[    8.804296] cloud-init[952]: |                 |
[[0;32m  OK  [0m] Started LSB: daemon to balance interrupts for SMP systems.
[    8.812835] cloud-init[952]: +----[SHA256]-----+
[[0;32m  OK  [0m] Started LXD - container startup/shutdown.
[[0;32m  OK  [0m] Started LSB: automatic crash report generation.
         Starting Authenticate and Authorize Users to Run Privileged Tasks...
[[0;32m  OK  [0m] Started Virtualbox guest utils.
[[0;32m  OK  [0m] Started Authenticate and Authorize Users to Run Privileged Tasks.
[[0;32m  OK  [0m] Started Accounts Service.
[[0;32m  OK  [0m] Started Snap Daemon.
         Starting Wait until snapd is fully seeded...
[[0;32m  OK  [0m] Started Pollinate to seed the pseudo random number generator.
         Starting OpenBSD Secure Shell server...
[[0;32m  OK  [0m] Started OpenBSD Secure Shell server.
[[0;32m  OK  [0m] Started Wait until snapd is fully seeded.
         Starting Apply the settings specified in cloud-config...
[[0;32m  OK  [0m] Reached target Multi-User System.
[[0;32m  OK  [0m] Reached target Graphical Interface.
         Starting Update UTMP about System Runlevel Changes...
[[0;32m  OK  [0m] Started Update UTMP about System Runlevel Changes.
[   10.620160] cloud-init[1312]: Generating locales (this might take a while)...
[   11.427655] cloud-init[1312]:   en_US.UTF-8... done
[   11.428462] cloud-init[1312]: Generation complete.
[   11.735974] cloud-init[1312]: Cloud-init v. 21.1-19-gbad84ad4-0ubuntu1~16.04.2 running 'modules:config' at Sun, 19 Nov 2023 03:21:50 +0000. Up 10.46 seconds.
[[0;32m  OK  [0m] Started Apply the settings specified in cloud-config.
         Starting Execute cloud user/final scripts...
ci-info: no authorized SSH keys fingerprints found for user ubuntu.
<14>Nov 19 03:21:52 ec2: 
<14>Nov 19 03:21:52 ec2: #############################################################
<14>Nov 19 03:21:52 ec2: -----BEGIN SSH HOST KEY FINGERPRINTS-----
<14>Nov 19 03:21:52 ec2: 1024 SHA256:gv6UnSKE4FUoQuQniy+A4sMjd5EejPtMcUqWUuwLbO0 root@ubuntu-xenial (DSA)
<14>Nov 19 03:21:52 ec2: 256 SHA256:S5jUVWO1bET1DLvpS7++PZ6LzFhJWMoE8C/aoNtxJOo root@ubuntu-xenial (ECDSA)
<14>Nov 19 03:21:52 ec2: 256 SHA256:5dfHBGINeLBEqXUNdRIOEQWWcKQKZfBqpJPGYwcnE0Q root@ubuntu-xenial (ED25519)
<14>Nov 19 03:21:52 ec2: 2048 SHA256:YJdeDrgXecGl+kuS6xVYKhCWVkwORSRxq9I8GVCqe4o root@ubuntu-xenial (RSA)
<14>Nov 19 03:21:52 ec2: -----END SSH HOST KEY FINGERPRINTS-----
<14>Nov 19 03:21:52 ec2: #############################################################
-----BEGIN SSH HOST KEY KEYS-----
ecdsa-sha2-nistp256 AAAAE2VjZHNhLXNoYTItbmlzdHAyNTYAAAAIbmlzdHAyNTYAAABBBA22bj0Rwv57qmLTJM9Vz5n7A7ZF2eV86LVOqdcOhI4DKPaNSEejRdsbWHJDxdxM1mOmFlCLqzX2pV6Fz6A/4jk= root@ubuntu-xenial
ssh-ed25519 AAAAC3NzaC1lZDI1NTE5AAAAIHojNwds24rjUTrUZLLWlPayDFbgQhcuj8ksSmofgz4t root@ubuntu-xenial
ssh-rsa AAAAB3NzaC1yc2EAAAADAQABAAABAQDuDYO/wY3BS+NVWSdDkkqK7H2+UBQcFFqwuuavxeyER3dBpBLKNSVUcNeZzVcLgcKVp2V+1/4RRyCe07sPrTJFigPldnC4oxawIoJFHiCMdJOmBaZ22s1OBRbI/Eg3q81jbwP4OmKM+bvH4BNRRG5EKqpHJ8EqMeYnXi5plC6FVKT5cSY0o2jgh8oNwo8WHlkrc6dOj4FgUK0uJBDW5/Ugvg94ZuGo6Gwq2FLm5wPAaleOFaDqhorS2qwzdtdeXVhrO16R95AH9JdwFp78yjuqeA2N8TXXqceYskbtk1dqWU7Nz7DTT8cIbcP8hfPQyCDX7WDz0ftiPYepM59TwJqh root@ubuntu-xenial
-----END SSH HOST KEY KEYS-----
[   12.291516] cloud-init[1355]: Cloud-init v. 21.1-19-gbad84ad4-0ubuntu1~16.04.2 running 'modules:final' at Sun, 19 Nov 2023 03:21:51 +0000. Up 12.12 seconds.
[   12.293221] cloud-init[1355]: ci-info: no authorized SSH keys fingerprints found for user ubuntu.
[   12.294469] cloud-init[1355]: Cloud-init v. 21.1-19-gbad84ad4-0ubuntu1~16.04.2 finished at Sun, 19 Nov 2023 03:21:52 +0000. Datasource DataSourceNoCloud [seed=/dev/sdb][dsmode=net].  Up 12.28 seconds
[[0;32m  OK  [0m] Started Execute cloud user/final scripts.
[[0;32m  OK  [0m] Reached target Cloud-init target.

Ubuntu 16.04.7 LTS ubuntu-xenial ttyS0

ubuntu-xenial login: 